Microchip MPLAB XC8 Compiler V2.00 ()

Linker command line:

-W-3 --edf=C:\Program Files (x86)\Microchip\xc8\v2.00\pic\dat\en_msgs.txt \
  -cs -h+dist/default/production\teclado.X.production.sym \
  --cmf=dist/default/production\teclado.X.production.cmf -z -Q16F887 \
  -oC:\Users\20185147\AppData\Local\Temp\s760.2 \
  -Mdist/default/production/teclado.X.production.map -E1 -ver=XC8 \
  --acfsm=1493 -ASTACK=0110h-016fh -pstack=STACK -ACODE=00h-07FFhx4 \
  -ASTRCODE=00h-01FFFh -ASTRING=00h-0FFhx32 -ACONST=00h-0FFhx32 \
  -AENTRY=00h-0FFhx32 -ACOMMON=070h-07Fh -ABANK0=020h-06Fh \
  -ABANK1=0A0h-0EFh -ABANK2=0110h-016Fh -ABANK3=0190h-01EFh \
  -ARAM=020h-06Fh,0A0h-0EFh,0110h-016Fh,0190h-01EFh \
  -AABS1=020h-07Fh,0A0h-0EFh,0110h-016Fh,0190h-01EFh -ASFR0=00h-01Fh \
  -ASFR1=080h-09Fh -ASFR2=0100h-010Fh -ASFR3=0180h-018Fh \
  -preset_vec=00h,intentry,init,end_init -ppowerup=CODE -pcinit=CODE \
  -pfunctab=ENTRY -ACONFIG=02007h-02008h -pconfig=CONFIG -DCONFIG=2 \
  -AIDLOC=02000h-02003h -pidloc=IDLOC -DIDLOC=2 -AEEDATA=00h-0FFh/02100h \
  -peeprom_data=EEDATA -DEEDATA=2 -DCODE=2 -DSTRCODE=2 -DSTRING=2 -DCONST=2 \
  -DENTRY=2 -k C:\Users\20185147\AppData\Local\Temp\s760.o \
  dist/default/production\teclado.X.production.o 

Object code version is 3.11

Machine type is 16F887



                Name                               Link     Load   Length Selector   Space Scale
C:\Users\20185147\AppData\Local\Temp\s760.o
                end_init                              0        0        3        0       0
                config                             2007     2007        2     400E       0
dist/default/production\teclado.X.production.o
                cinit                               7EE      7EE       12      FDC       0
                text7                               5F5      5F5       2F      BEA       0
                text6                               6B0      6B0       80      D60       0
                text5                               585      585       13      B0A       0
                text4                               624      624       3B      C48       0
                text3                               5AB      5AB       24      B56       0
                text2                               730      730       BE      E60       0
                text1                               57A      57A        B      AF4       0
                maintext                            65F      65F       51      CBE       0
                cstackBANK0                          46       46       1A       20       1
                cstackCOMMON                         70       70        C       70       1
                inittext                            598      598       13      B30       0
                dataBANK0                            20       20       26       20       1
                strings                               3        3       16        6       0
                idataBANK0                          5CF      5CF       26      B9E       0

TOTAL           Name                               Link     Load   Length     Space
        CLASS   STACK          

        CLASS   CODE           
                end_init                              0        0        3         0
                cinit                               7EE      7EE       12         0
                text7                               5F5      5F5       2F         0
                text6                               6B0      6B0       80         0
                text5                               585      585       13         0
                text4                               624      624       3B         0
                text3                               5AB      5AB       24         0
                text2                               730      730       BE         0
                text1                               57A      57A        B         0
                maintext                            65F      65F       51         0
                inittext                            598      598       13         0
                idataBANK0                          5CF      5CF       26         0

        CLASS   STRCODE        

        CLASS   STRING         
                strings                               3        3       16         0

        CLASS   CONST          

        CLASS   ENTRY          

        CLASS   COMMON         
                cstackCOMMON                         70       70        C         1

        CLASS   BANK0          
                cstackBANK0                          46       46       1A         1
                dataBANK0                            20       20       26         1

        CLASS   BANK1          

        CLASS   BANK2          

        CLASS   BANK3          

        CLASS   RAM            

        CLASS   ABS1           
                abs_s1                               7E       7E        2         1

        CLASS   SFR0           

        CLASS   SFR1           

        CLASS   SFR2           

        CLASS   SFR3           

        CLASS   CONFIG         
                config                             2007     2007        2         0

        CLASS   IDLOC          

        CLASS   EEDATA         



SEGMENTS        Name                           Load    Length   Top    Selector   Space  Class     Delta

                reset_vec                      000000  000003  000003         0       0  CODE        2
                strings                        000003  000016  000019         6       0  STRING      2
                dataBANK0                      000020  000040  000060        20       1  BANK0       1
                cstackCOMMON                   000070  00000C  00007C        70       1  COMMON      1
                text1                          00057A  00000B  000585       AF4       0  CODE        2
                text5                          000585  000013  000598       B0A       0  CODE        2
                inittext                       000598  000013  0005AB       B30       0  CODE        2
                text3                          0005AB  000024  0005CF       B56       0  CODE        2
                idataBANK0                     0005CF  000026  0005F5       B9E       0  CODE        2
                text7                          0005F5  00002F  000624       BEA       0  CODE        2
                text4                          000624  00003B  00065F       C48       0  CODE        2
                maintext                       00065F  000051  0006B0       CBE       0  CODE        2
                text6                          0006B0  000080  000730       D60       0  CODE        2
                text2                          000730  0000BE  0007EE       E60       0  CODE        2
                cinit                          0007EE  000012  000800       FDC       0  CODE        2
                config                         002007  000002  002009      400E       0  CONFIG      2


UNUSED ADDRESS RANGES

        Name                Unused          Largest block    Delta
        BANK0            0060-006F             10           1
        BANK1            00A0-00EF             50           1
        BANK2            0110-016F             60           1
        BANK3            0190-01EF             60           1
        CODE             0019-0579            561           2
                         0800-1FFF            800
        COMMON           007C-007D              2           1
        CONST            0019-0579            100           2
                         0800-1FFF            100
        EEDATA           2100-21FF            100           2
        ENTRY            0019-0579            100           2
                         0800-1FFF            100
        IDLOC            2000-2003              4           2
        RAM              0060-006F             10           1
                         00A0-00EF             50
                         0110-016F             60
                         0190-01EF             60
        SFR0             0000-001F             20           1
        SFR1             0080-009F             20           1
        SFR2             0100-010F             10           1
        SFR3             0180-018F             10           1
        STACK            0110-016F             60           1
        STRCODE          0019-0579            561           2
                         0800-1FFF           1800
        STRING           0019-0579            100           2
                         0800-1FFF            100

                                  Symbol Table

_ANSELH                   (abs)        0189
_LCDbits                  (abs)        0008
_PORTB                    (abs)        0006
_TRISB                    (abs)        0086
_TRISDbits                (abs)        0088
__CFG_BOR4V$BOR40V        (abs)        0000
__CFG_BOREN$OFF           (abs)        0000
__CFG_CP$OFF              (abs)        0000
__CFG_CPD$OFF             (abs)        0000
__CFG_FCMEN$OFF           (abs)        0000
__CFG_FOSC$INTRC_NOCLKOUT (abs)        0000
__CFG_IESO$OFF            (abs)        0000
__CFG_LVP$OFF             (abs)        0000
__CFG_MCLRE$OFF           (abs)        0000
__CFG_PWRTE$OFF           (abs)        0000
__CFG_WDTE$OFF            (abs)        0000
__CFG_WRT$OFF             (abs)        0000
__Habs1                   abs1         0000
__Hbank0                  bank0        0000
__Hbank1                  bank1        0000
__Hbank2                  bank2        0000
__Hbank3                  bank3        0000
__Hcinit                  cinit        0800
__Hclrtext                clrtext      0000
__Hcode                   code         0000
__Hcommon                 common       0000
__Hconfig                 config       2009
__HcstackBANK0            cstackBANK0  0000
__HcstackCOMMON           cstackCOMMON 0000
__HdataBANK0              dataBANK0    0000
__Heeprom_data            eeprom_data  0000
__Hend_init               end_init     0003
__Hfunctab                functab      0000
__HidataBANK0             idataBANK0   0000
__Hidloc                  idloc        0000
__Hinit                   init         0000
__Hinittext               inittext     0000
__Hintentry               intentry     0000
__Hmaintext               maintext     0000
__Hpowerup                powerup      0000
__Hram                    ram          0000
__Hreset_vec              reset_vec    0000
__Hsfr0                   sfr0         0000
__Hsfr1                   sfr1         0000
__Hsfr2                   sfr2         0000
__Hsfr3                   sfr3         0000
__Hspace_0                (abs)        2009
__Hspace_1                (abs)        007C
__Hspace_2                (abs)        0000
__Hspace_3                (abs)        0000
__Hstack                  stack        0000
__Hstrings                strings      0000
__Htext                   text         0000
__Labs1                   abs1         0000
__Lbank0                  bank0        0000
__Lbank1                  bank1        0000
__Lbank2                  bank2        0000
__Lbank3                  bank3        0000
__Lcinit                  cinit        07EE
__Lclrtext                clrtext      0000
__Lcode                   code         0000
__Lcommon                 common       0000
__Lconfig                 config       2007
__LcstackBANK0            cstackBANK0  0000
__LcstackCOMMON           cstackCOMMON 0000
__LdataBANK0              dataBANK0    0000
__Leeprom_data            eeprom_data  0000
__Lend_init               end_init     0000
__Lfunctab                functab      0000
__LidataBANK0             idataBANK0   0000
__Lidloc                  idloc        0000
__Linit                   init         0000
__Linittext               inittext     0000
__Lintentry               intentry     0000
__Lmaintext               maintext     0000
__Lpowerup                powerup      0000
__Lram                    ram          0000
__Lreset_vec              reset_vec    0000
__Lsfr0                   sfr0         0000
__Lsfr1                   sfr1         0000
__Lsfr2                   sfr2         0000
__Lsfr3                   sfr3         0000
__Lspace_0                (abs)        0000
__Lspace_1                (abs)        0000
__Lspace_2                (abs)        0000
__Lspace_3                (abs)        0000
__Lstack                  stack        0000
__Lstrings                strings      0000
__Ltext                   text         0000
__S0                      (abs)        2009
__S1                      (abs)        007C
__S2                      (abs)        0000
__S3                      (abs)        0000
___int_sp                 stack        0000
___latbits                (abs)        0002
___sp                     stack        0000
__end_of__initialization  cinit        07FC
__end_of__stringtab       strings      0013
__end_of_dispLCD          text4        065F
__end_of_dispLCD_dataReg  text7        0624
__end_of_dispLCD_init     text3        05CF
__end_of_dispLCD_instReg  text6        0730
__end_of_dispLCD_lincol   text5        0598
__end_of_main             maintext     06B0
__end_of_teclado          text2        07EE
__end_of_teclado_init     text1        0585
__initialization          cinit        07EE
__pcstackBANK0            cstackBANK0  0046
__pcstackCOMMON           cstackCOMMON 0070
__pdataBANK0              dataBANK0    0020
__pidataBANK0             idataBANK0   05CF
__pmaintext               maintext     065F
__pstrings                strings      0003
__ptext1                  text1        057A
__ptext2                  text2        0730
__ptext3                  text3        05AB
__ptext4                  text4        0624
__ptext5                  text5        0585
__ptext6                  text6        06B0
__ptext7                  text7        05F5
__size_of_dispLCD         (abs)        0000
__size_of_dispLCD_dataReg (abs)        0000
__size_of_dispLCD_init    (abs)        0000
__size_of_dispLCD_instReg (abs)        0000
__size_of_dispLCD_lincol  (abs)        0000
__size_of_main            (abs)        0000
__size_of_teclado         (abs)        0000
__size_of_teclado_init    (abs)        0000
__stringbase              strings      0012
__stringtab               strings      0003
_dispLCD                  text4        0624
_dispLCD_dataReg          text7        05F5
_dispLCD_init             text3        05AB
_dispLCD_instReg          text6        06B0
_dispLCD_lincol           text5        0585
_main                     maintext     065F
_tabela                   dataBANK0    0036
_teclado                  text2        0730
_teclado_init             text1        057A
btemp                     (abs)        007E
dispLCD@col               cstackCOMMON 0076
dispLCD@lin               cstackCOMMON 007B
dispLCD@pos               cstackCOMMON 007A
dispLCD@str               cstackCOMMON 0077
dispLCD_dataReg@d         cstackCOMMON 0072
dispLCD_instReg@i         cstackCOMMON 0072
dispLCD_lincol@col        cstackCOMMON 0073
dispLCD_lincol@lin        cstackCOMMON 0075
end_of_initialization     cinit        07FC
init_fetch0               inittext     0598
init_ram0                 inittext     059C
intlevel0                 functab      0000
intlevel1                 functab      0000
intlevel2                 functab      0000
intlevel3                 functab      0000
intlevel4                 functab      0000
intlevel5                 functab      0000
main@F1280                dataBANK0    0020
main@str                  cstackBANK0  004A
reset_vec                 reset_vec    0000
stackhi                   (abs)        0000
stacklo                   (abs)        0000
start                     init         0000
start_initialization      cinit        07EE
teclado@i                 cstackCOMMON 0072
teclado@tecla             cstackCOMMON 0071
wtemp0                    (abs)        007E


FUNCTION INFORMATION:

 *************** function _main *****************
 Defined at:
		line 17 in file "main.c"
 Parameters:    Size  Location     Type
		None
 Auto vars:     Size  Location     Type
  str            22    4[BANK0 ] unsigned char [22]
 Return value:  Size  Location     Type
                  1    wreg      void 
 Registers used:
		wreg, fsr0l, fsr0h, status,2, status,0, btemp+1, pclath, cstack
 Tracked objects:
		On entry : 
		On exit  : 
		Unchanged: 
 Data sizes:     COMMON   BANK0   BANK1   BANK3   BANK2
      Params:         0       0       0       0       0
      Locals:         0      22       0       0       0
      Temps:          0       4       0       0       0
      Totals:         0      26       0       0       0
Total ram usage:       26 bytes
 Hardware stack levels required when called:    3
 This function calls:
		_dispLCD
		_dispLCD_init
		_teclado
		_teclado_init
 This function is called by:
		Startup code after reset
 This function uses a non-reentrant model


 *************** function _teclado_init *****************
 Defined at:
		line 15 in file "teclado.c"
 Parameters:    Size  Location     Type
		None
 Auto vars:     Size  Location     Type
		None
 Return value:  Size  Location     Type
                  1    wreg      void 
 Registers used:
		wreg, status,2
 Tracked objects:
		On entry : 
		On exit  : 
		Unchanged: 
 Data sizes:     COMMON   BANK0   BANK1   BANK3   BANK2
      Params:         0       0       0       0       0
      Locals:         0       0       0       0       0
      Temps:          0       0       0       0       0
      Totals:         0       0       0       0       0
Total ram usage:        0 bytes
 Hardware stack levels used:    1
 This function calls:
		Nothing
 This function is called by:
		_main
 This function uses a non-reentrant model


 *************** function _teclado *****************
 Defined at:
		line 27 in file "teclado.c"
 Parameters:    Size  Location     Type
		None
 Auto vars:     Size  Location     Type
  i               1    2[COMMON] unsigned char 
  tecla           1    1[COMMON] unsigned char 
 Return value:  Size  Location     Type
                  1    wreg      unsigned char 
 Registers used:
		wreg, fsr0l, fsr0h, status,2, status,0
 Tracked objects:
		On entry : 
		On exit  : 
		Unchanged: 
 Data sizes:     COMMON   BANK0   BANK1   BANK3   BANK2
      Params:         0       0       0       0       0
      Locals:         2       0       0       0       0
      Temps:          1       0       0       0       0
      Totals:         3       0       0       0       0
Total ram usage:        3 bytes
 Hardware stack levels used:    1
 This function calls:
		Nothing
 This function is called by:
		_main
 This function uses a non-reentrant model


 *************** function _dispLCD_init *****************
 Defined at:
		line 130 in file "dispLCD4vias.c"
 Parameters:    Size  Location     Type
		None
 Auto vars:     Size  Location     Type
		None
 Return value:  Size  Location     Type
                  1    wreg      void 
 Registers used:
		wreg, status,2, status,0, pclath, cstack
 Tracked objects:
		On entry : 
		On exit  : 
		Unchanged: 
 Data sizes:     COMMON   BANK0   BANK1   BANK3   BANK2
      Params:         0       0       0       0       0
      Locals:         0       0       0       0       0
      Temps:          0       0       0       0       0
      Totals:         0       0       0       0       0
Total ram usage:        0 bytes
 Hardware stack levels used:    1
 Hardware stack levels required when called:    1
 This function calls:
		_dispLCD_instReg
 This function is called by:
		_main
 This function uses a non-reentrant model


 *************** function _dispLCD *****************
 Defined at:
		line 148 in file "dispLCD4vias.c"
 Parameters:    Size  Location     Type
  lin             1    wreg     unsigned char 
  col             1    6[COMMON] unsigned char 
  str             2    7[COMMON] PTR const unsigned char 
		 -> STR_1(6), main@str(22), 
 Auto vars:     Size  Location     Type
  lin             1   11[COMMON] unsigned char 
  pos             1   10[COMMON] unsigned char 
 Return value:  Size  Location     Type
                  1    wreg      void 
 Registers used:
		wreg, fsr0l, fsr0h, status,2, status,0, btemp+1, pclath, cstack
 Tracked objects:
		On entry : 
		On exit  : 
		Unchanged: 
 Data sizes:     COMMON   BANK0   BANK1   BANK3   BANK2
      Params:         3       0       0       0       0
      Locals:         2       0       0       0       0
      Temps:          1       0       0       0       0
      Totals:         6       0       0       0       0
Total ram usage:        6 bytes
 Hardware stack levels used:    1
 Hardware stack levels required when called:    2
 This function calls:
		_dispLCD_dataReg
		_dispLCD_lincol
 This function is called by:
		_main
 This function uses a non-reentrant model


 *************** function _dispLCD_lincol *****************
 Defined at:
		line 124 in file "dispLCD4vias.c"
 Parameters:    Size  Location     Type
  lin             1    wreg     unsigned char 
  col             1    3[COMMON] unsigned char 
 Auto vars:     Size  Location     Type
  lin             1    5[COMMON] unsigned char 
 Return value:  Size  Location     Type
                  1    wreg      void 
 Registers used:
		wreg, status,2, status,0, pclath, cstack
 Tracked objects:
		On entry : 
		On exit  : 
		Unchanged: 
 Data sizes:     COMMON   BANK0   BANK1   BANK3   BANK2
      Params:         1       0       0       0       0
      Locals:         1       0       0       0       0
      Temps:          1       0       0       0       0
      Totals:         3       0       0       0       0
Total ram usage:        3 bytes
 Hardware stack levels used:    1
 Hardware stack levels required when called:    1
 This function calls:
		_dispLCD_instReg
 This function is called by:
		_dispLCD
		_dispLCD_num
 This function uses a non-reentrant model


 *************** function _dispLCD_instReg *****************
 Defined at:
		line 75 in file "dispLCD4vias.c"
 Parameters:    Size  Location     Type
  i               1    wreg     unsigned char 
 Auto vars:     Size  Location     Type
  i               1    2[COMMON] unsigned char 
 Return value:  Size  Location     Type
                  1    wreg      void 
 Registers used:
		wreg, status,2, status,0
 Tracked objects:
		On entry : 
		On exit  : 
		Unchanged: 
 Data sizes:     COMMON   BANK0   BANK1   BANK3   BANK2
      Params:         0       0       0       0       0
      Locals:         1       0       0       0       0
      Temps:          2       0       0       0       0
      Totals:         3       0       0       0       0
Total ram usage:        3 bytes
 Hardware stack levels used:    1
 This function calls:
		Nothing
 This function is called by:
		_dispLCD_lincol
		_dispLCD_init
		_dispLCD_clr
 This function uses a non-reentrant model


 *************** function _dispLCD_dataReg *****************
 Defined at:
		line 108 in file "dispLCD4vias.c"
 Parameters:    Size  Location     Type
  d               1    wreg     unsigned char 
 Auto vars:     Size  Location     Type
  d               1    2[COMMON] unsigned char 
 Return value:  Size  Location     Type
                  1    wreg      void 
 Registers used:
		wreg, status,2, status,0
 Tracked objects:
		On entry : 
		On exit  : 
		Unchanged: 
 Data sizes:     COMMON   BANK0   BANK1   BANK3   BANK2
      Params:         0       0       0       0       0
      Locals:         1       0       0       0       0
      Temps:          2       0       0       0       0
      Totals:         3       0       0       0       0
Total ram usage:        3 bytes
 Hardware stack levels used:    1
 This function calls:
		Nothing
 This function is called by:
		_dispLCD
		_dispLCD_num
 This function uses a non-reentrant model



MODULE INFORMATION

Module		Function		Class		Link	Load	Size
teclado.c
		_teclado       		CODE           	0730	0000	191
		_teclado_init  		CODE           	057A	0000	12

teclado.c estimated size: 203

shared
		__stringtab    		STRING         	0003	0000	17
		__initialization		CODE           	07EE	0000	15

shared estimated size: 32

main.c
		_main          		CODE           	065F	0000	82

main.c estimated size: 82

dispLCD4vias.c
		_dispLCD_lincol		CODE           	0585	0000	20
		_dispLCD_dataReg		CODE           	05F5	0000	48
		_dispLCD_instReg		CODE           	06B0	0000	129
		_dispLCD       		CODE           	0624	0000	60
		_dispLCD_init  		CODE           	05AB	0000	37

dispLCD4vias.c estimated size: 294

